Selected: The_Blood_Princess_And_The_Knight
--- Running tag_audiobook_files_opus_3.py ---
--- Audio Tagging ---
Audio Source: /home/erlingtn/codebase/tts/audiobook_creator/Novels/The_Blood_Princess_And_The_Knight/04_Audio_Opus
Text Source:  /home/erlingtn/codebase/tts/audiobook_creator/Novels/The_Blood_Princess_And_The_Knight/02_Translated
Loaded Metadata: The Blood Princess And The Knight by 汉唐归来
Found 511 files to tag.
Tagged: [1/511] Chapter 1 - ATAPOW Prologue
Tagged: [2/511] Chapter 1 - ATAPOW
Tagged: [3/511] Chapter 2 - At the end of the day, it’s all about money.
Tagged: [4/511] Chapter 3 - Without money, one is impotent
Tagged: [5/511] Chapter 4
Tagged: [6/511] Chapter 5 - Noodles
Tagged: [7/511] Chapter 6 - The cat-eared girl
Tagged: [8/511] Chapter 7 - Clamor
Tagged: [9/511] Chapter 8 - In broad daylight
Tagged: [10/511] Chapter 9 - Borrowing
Tagged: [11/511] Chapter 10 - A new storm that had already appeared
Tagged: [12/511] Chapter 11 - What is a warrior
Tagged: [13/511] Chapter 12 - You’re very ballsy, huh?
Tagged: [14/511] Chapter 13 - BGM is online!
Tagged: [15/511] Chapter 14 - Concealing one’s talent and name.
Tagged: [16/511] Chapter 15 - Return
Tagged: [17/511] Chapter 16 - Today, Your Granddaddy…
Tagged: [18/511] Chapter 17 - The Chivalric Order of The Moon
Tagged: [19/511] Chapter 18 - Choice
Tagged: [20/511] Chapter 19 - Turnaround
Tagged: [21/511] Chapter 20 - The Scarlet Blood Region
Tagged: [22/511] Chapter 21 - Bloodthirst disease
Tagged: [23/511] Chapter 22 - Reporting
Tagged: [24/511] Chapter 23 - The little girl that sells sweets
Tagged: [25/511] Chapter 24 - The Frivolous Youths
Tagged: [26/511] Chapter 25 - What kind of development is this?
Tagged: [27/511] Chapter 26 - Do you fancy raising a pet?
Tagged: [28/511] Chapter 27 - Woof Woof~
Tagged: [29/511] Chapter 28 - Examination
Tagged: [30/511] Chapter 29 - Tank
Tagged: [31/511] Chapter 30 - What sort of situation is this?
Tagged: [32/511] Chapter 31 - Conditions
Tagged: [33/511] Chapter 32 - Discussion
Tagged: [34/511] Chapter 33 - Let her go!
Tagged: [35/511] Chapter 34 - This situation is somewhat wrong?
Tagged: [36/511] Chapter 35 - Are You Two Trying To Demolish The Place?
Tagged: [37/511] Chapter 36 - Suspicions
Tagged: [38/511] Chapter 37 - Where Can You Buy Blood Bags?
Tagged: [39/511] Chapter 38 - Disturbances
Tagged: [40/511] Chapter 39 - The start of a new term
Tagged: [41/511] Chapter 40 - The scary student
Tagged: [42/511] Chapter 41 - Badger Game?
Tagged: [43/511] Chapter 42 - Tit For Tat
Tagged: [44/511] Chapter 43 - Sleeper Agents
Tagged: [45/511] Chapter 44 - A loud invasion
Tagged: [46/511] Chapter 45 - Your looks are too scary-looking
Tagged: [47/511] Chapter 46 - Are you willing to marry me?
Tagged: [48/511] Chapter 47 - The Radiant Knight
Tagged: [49/511] Chapter 48 - Radiance
Tagged: [50/511] Chapter 49 - Confrontation
Tagged: [51/511] Chapter 50 - Captured
Tagged: [52/511] Chapter 51 - The Royal Family’s Bloodline
Tagged: [53/511] Chapter 52 - Bait
Tagged: [54/511] Chapter 53 - Honor
Tagged: [55/511] Chapter 54 - Force
Tagged: [56/511] Chapter 55 - The scarlet light that streaked past the night sky
Tagged: [57/511] Chapter 56 - Soul Devourer
Tagged: [58/511] Chapter 57 - You’re Somewhat Chafing Me
Tagged: [59/511] Chapter 58 - Bursting gate
Tagged: [60/511] Chapter 59 - Absorb them clean and properly!
Tagged: [61/511] Chapter 60 - The Swooping Grim Reaper
Tagged: [62/511] Chapter 61 - Hungry, Hungry, Hungry!
Tagged: [63/511] Chapter 62 - Regenerative Punch!
Tagged: [64/511] Chapter 63 - Above the Stars
Tagged: [65/511] Chapter 64 - ~Burn, My Cosmo
Tagged: [66/511] Chapter 65 - Speeding along
Tagged: [67/511] Chapter 66 - Revolt
Tagged: [68/511] Chapter 67 - An odd-looking sight at the city gate tower.
Tagged: [69/511] Chapter 68 - The Erupting Illness
Tagged: [70/511] Chapter 69 - Fragrant~
Tagged: [71/511] Chapter 70 - Boiling Frog
Tagged: [72/511] Chapter 71 - Escape
Tagged: [73/511] Chapter 72 - The Crime Charges
Tagged: [74/511] Chapter 73 - Scapegoat
Tagged: [75/511] Chapter 74 - Report
Tagged: [76/511] Chapter 75 - Do you have a grudge against cherry boys?
Tagged: [77/511] Chapter 76 - The unfinished purchase
Tagged: [78/511] Chapter 77 - Objectives
Tagged: [79/511] Chapter 78 - Charm
Tagged: [80/511] Chapter 79 - Do you know who I am?
Tagged: [81/511] Chapter 80 - Arrangements
Tagged: [82/511] Chapter 81 - Sister
Tagged: [83/511] Chapter 82 - Former Family Affairs
Tagged: [84/511] Chapter 83 - Ambitions
Tagged: [85/511] Chapter 84 - The trial begins
Tagged: [86/511] Chapter 85 - Remove the mask?
Tagged: [87/511] Chapter 86 - You dare move?
Tagged: [88/511] Chapter 87 - Release
Tagged: [89/511] Chapter 88 - The curtain falls
Tagged: [90/511] Chapter 89 - Essential factor perceived.
Tagged: [91/511] Chapter 90 - Strange【Magic】
Tagged: [92/511] Chapter 91 - Unintentional Crime
Tagged: [93/511] Chapter 92 - Gordon Austin
Tagged: [94/511] Chapter 93 - Miracle
Tagged: [95/511] Chapter 94 - Protect him like your daughter, alright?
Tagged: [96/511] Chapter 95 - Follow me~
Tagged: [97/511] Chapter 96 - Private affairs
Tagged: [98/511] Chapter 97 - Hair Clips
Tagged: [99/511] Chapter 98 - Fangs
Tagged: [100/511] Chapter 99 - Do you think I want to?
Tagged: [101/511] Chapter 100 - Monster
Tagged: [102/511] Chapter 101 - It’s of no use to me
Tagged: [103/511] Chapter 102 - Compromise
Tagged: [104/511] Chapter 103 - Forming a Team
Tagged: [105/511] Chapter 104 - Before the departure
Tagged: [106/511] Chapter 105 - The sewer entrance
Tagged: [107/511] Chapter 106 - ATAPOW
Tagged: [108/511] Chapter 107 - Goblins
Tagged: [109/511] Chapter 108 - Encirclement
Tagged: [110/511] Chapter 109 - Cruelty and Ruthlessness
Tagged: [111/511] Chapter 110 - ：A night in the sewers
Tagged: [112/511] Chapter 111 - Sacrifice
Tagged: [113/511] Chapter 112 - Asiatic Cat? Princess?
Tagged: [114/511] Chapter 113 - Confrontation
Tagged: [115/511] Chapter 114 - Sacrificing one’s life
Tagged: [116/511] Chapter 115 - Take good care of him
Tagged: [117/511] Chapter 116 - Solitude
Tagged: [118/511] Chapter 117 - If you kill someone, you should be prepared to get killed as well.
Tagged: [119/511] Chapter 118 - How can I speak when you’re blocking my mouth?
Tagged: [120/511] Chapter 119 - The way back
Tagged: [121/511] Chapter 120 - Returning home
Tagged: [122/511] Chapter 121 - Imperceptible Influence
Tagged: [123/511] Chapter 122 - Alcoholic Fumed Bathroom
Tagged: [124/511] Chapter 123 - Don’t come closer
Tagged: [125/511] Chapter 124 - Community Service
Tagged: [126/511] Chapter 125 - Undercurrent (Grayscale picture of Ke’er included~)
Tagged: [127/511] Chapter 126 - A Chance Encounter
Tagged: [128/511] Chapter 127 - Social Service Agency (Color picture of Bai Ji’s top-half body included)
Tagged: [129/511] Chapter 128 - The Dim Light in the Night
Tagged: [130/511] Chapter 129 - The bottom of the matter
Tagged: [131/511] Chapter 130 - If you’re not going back with me, I’m gonna shout.
Tagged: [132/511] Chapter 131 - Getting into undesirable circumstances
Tagged: [133/511] Chapter 132 - Meeting again
Tagged: [134/511] Chapter 133 - An ace in the sleeve
Tagged: [135/511] Chapter 134 - Subsidence
Tagged: [136/511] Chapter 135 - A new day
Tagged: [137/511] Chapter 136 - Work
Tagged: [138/511] Chapter 137 - Ahh, I’m dead!
Tagged: [139/511] Chapter 138 - Suspicion
Tagged: [140/511] Chapter 139 - Eruption
Tagged: [141/511] Chapter 140 - Corruption
Tagged: [142/511] Chapter 141 - Ripping
Tagged: [143/511] Chapter 142 - Someone to Rely On
Tagged: [144/511] Chapter 143 - A Massive Surprise
Tagged: [145/511] Chapter 144 - An Unforeseen Event
Tagged: [146/511] Chapter 145 - Arrival
Tagged: [147/511] Chapter 146 - Organ Furnace
Tagged: [148/511] Chapter 147 - Digested
Tagged: [149/511] Chapter 148 - Radiant War Chariot
Tagged: [150/511] Chapter 149 - Let me bestow a big white rabbit onto you!
Tagged: [151/511] Chapter 150 - A Fierce Battle
Tagged: [152/511] Chapter 151 - Cannot let him escape~
Tagged: [153/511] Chapter 152 - Purgatory descends onto the city
Tagged: [154/511] Chapter 153 - Late Assistance
Tagged: [155/511] Chapter 154 - The imminent arrival of a large battle
Tagged: [156/511] Chapter 155 - The Immortal
Tagged: [157/511] Chapter 156 - What can humans accomplish?
Tagged: [158/511] Chapter 157 - An Arduous Fight
Tagged: [159/511] Chapter 158 - What does that have to do with me?
Tagged: [160/511] Chapter 159 - The Projection of the Primordial God
Tagged: [161/511] Chapter 160 - An Awkward Sound
Tagged: [162/511] Chapter 161 - Unending
Tagged: [163/511] Chapter 162 - State of Enlightenment
Tagged: [164/511] Chapter 163 - Conclusion – Immortal and Radiant
Tagged: [165/511] Chapter 164 - Prologue
Tagged: [166/511] Chapter 165 - Let me return your stuff
Tagged: [167/511] Chapter 166 - You still need to be educated
Tagged: [168/511] Chapter 168 - ATAPOW Author Q&A
Tagged: [169/511] Chapter 167 - Sleep
Tagged: [170/511] Chapter 168 - New Students’ Martial Tournament
Tagged: [171/511] Chapter 169 - Feeding
Tagged: [172/511] Chapter 170 - The Black-gowned One
Tagged: [173/511] Chapter 171 - Releasing One’s Potential
Tagged: [174/511] Chapter 172 - Flag Raiser Specialist
Tagged: [175/511] Chapter 173 - Shut your mouth!
Tagged: [176/511] Chapter 174 - Please savor them properly, alright~
Tagged: [177/511] Chapter 175 - I am really sorry
Tagged: [178/511] Chapter 176 - Not a good person
Tagged: [179/511] Chapter 177 - Black mountaintop
Tagged: [180/511] Chapter 178 - Lacquered Metal Arches
Tagged: [181/511] Chapter 179 - A Predicament Amidst the Blizzard
Tagged: [182/511] Chapter 180 - A late biological clock
Tagged: [183/511] Chapter 181 - The Impressive Wind-Whispering Blade Technique
Tagged: [184/511] Chapter 182 - Into the Pit
Tagged: [185/511] Chapter 183 - Good and Bad news
Tagged: [186/511] Chapter 184 - What situation is this?
Tagged: [187/511] Chapter 185 - Underground Ruins
Tagged: [188/511] Chapter 186 - An Unexpected Development
Tagged: [189/511] Chapter 187 - Colosseum
Tagged: [190/511] Chapter 188 - Duel of Knights
Tagged: [191/511] Chapter 189 - Black Sword
Tagged: [192/511] Chapter 190 - The Eternal Hero
Tagged: [193/511] Chapter 191 - The Curtain Draws ~ Lord of Sin
Tagged: [194/511] Chapter 192 - Prologue
Tagged: [195/511] Chapter 193 - I’ll be waiting~
Tagged: [196/511] Chapter 194 - Returning an item back to its owner
Tagged: [197/511] Chapter 195 - Disturbance
Tagged: [198/511] Chapter 196 - Meeting someone important
Tagged: [199/511] Chapter 197 - The Other Side (Bonus: Bai Ji in a maid outfit)
Tagged: [200/511] Chapter 198 - I’m not sick
Tagged: [201/511] Chapter 199 - Seedling
Tagged: [202/511] Chapter 200 - The Tense Crisis
Tagged: [203/511] Chapter 201 - A Burden He Could not Avoid
Tagged: [204/511] Chapter 202 - Infiltrating the City in Embarrassment
Tagged: [205/511] Chapter 203 - Restaurant
Tagged: [206/511] Chapter 204 - The Cause
Tagged: [207/511] Chapter 205 - The Shadows of the Past
Tagged: [208/511] Chapter 206 - Unremorseful
Tagged: [209/511] Chapter 207 - Inspectors
Tagged: [210/511] Chapter 208 - The Silhouette Behind Him
Tagged: [211/511] Chapter 209 - Deception and Truth(Part 1)
Tagged: [212/511] Chapter 209 - ATAPOW (Part 2)
Tagged: [213/511] Chapter 210 - The Belated Letters
Tagged: [214/511] Chapter 211 - A state of confusion
Tagged: [215/511] Chapter 212 - Mutterings
Tagged: [216/511] Chapter 213 - Silk
Tagged: [217/511] Chapter 214 - The Vampire Diplomat
Tagged: [218/511] Chapter 215 - I’ll Like to Join You
Tagged: [219/511] Chapter 216 - Like Lambs Awaiting Slaughter
Tagged: [220/511] Chapter 217 - I’ll save them
Tagged: [221/511] Chapter 218 - Fighting fire with fire
Tagged: [222/511] Chapter 219 - Inspiring Spirits
Tagged: [223/511] Chapter 220 - We’re Not Getting Involved
Tagged: [224/511] Chapter 221 - Drifting Thoughts
Tagged: [225/511] Chapter 222 - The Army Descends onto the City
Tagged: [226/511] Chapter 223 - The Vampire Army Storms The City
Tagged: [227/511] Chapter 224 - The Nightmare Known As Truth
Tagged: [228/511] Chapter 225 - Target of Public Criticism
Tagged: [229/511] Chapter 226 - Damaged Armor
Tagged: [230/511] Chapter 227 - Can’t you make an exception?
Tagged: [231/511] Chapter 228 - What’s your name?
Tagged: [232/511] Chapter 229 - Return
Tagged: [233/511] Chapter 230 - Tears in Her Eyes
Tagged: [234/511] Chapter 231 - All Along
Tagged: [235/511] Chapter 232 - Every Departure Marks A New Beginning
Tagged: [236/511] Chapter 233 - Prelude
Tagged: [237/511] Chapter 234 - Putting Down a Revolt
Tagged: [238/511] Chapter 235 - Echoes of a Past Long Gone(Picture of Felina Included!)
Tagged: [239/511] Chapter 236 - Unchanging Determination
Tagged: [240/511] Chapter 237 - Switching Frequency
Tagged: [241/511] Chapter 238 - The Appearance of a Knight King
Tagged: [242/511] Chapter 239 - The Missing Person
Tagged: [243/511] Chapter 240 - Preparing To Set Off
Tagged: [244/511] Chapter 241 - Gradually Brightening Fire
Tagged: [245/511] Chapter 242 - A Strong Foe That Transcends Dimensions
Tagged: [246/511] Chapter 243 - Fragments
Tagged: [247/511] Chapter 244 - The Marks Etched into Her Soul
Tagged: [248/511] Chapter 245 - Ancestral Reversion Physique
Tagged: [249/511] Chapter 246 - I’m Getting Angry!
Tagged: [250/511] Chapter 247 - What are you doing!
Tagged: [251/511] Chapter 248 - One Good Turn Deserves Another in Kind
Tagged: [252/511] Chapter 249 - Let’s Talk It Through
Tagged: [253/511] Chapter 250 - Tarnished
Tagged: [254/511] Chapter 251 - Dual Perspectives
Tagged: [255/511] Chapter 252 - The Half-Ruined Tower
Tagged: [256/511] Chapter 253 - Sunset
Tagged: [257/511] Chapter 254 - The Suburban Hotel
Tagged: [258/511] Chapter 255 - Approaching Footsteps
Tagged: [259/511] Chapter 256 - Second Floor
Tagged: [260/511] Chapter 257 - Disappearance
Tagged: [261/511] Chapter 258 - Effective and Direct
Tagged: [262/511] Chapter 259 - Operating Instructions
Tagged: [263/511] Chapter 260 - Unveiling The Disguise
Tagged: [264/511] Chapter 261 - Illusions and Longing
Tagged: [265/511] Chapter 262 - Just Like Coming Home
Tagged: [266/511] Chapter 263 - Riddled with Doubts
Tagged: [267/511] Chapter 264 - The Bronze Mirror in The Basement
Tagged: [268/511] Chapter 32 - Not Petty
Tagged: [269/511] Chapter 33 - Repaying Kindness
Tagged: [270/511] Chapter 34 - Living Bait
Tagged: [271/511] Chapter 35 - The Lock King
Tagged: [272/511] Chapter 36 - Black Dots
Tagged: [273/511] Chapter 37 - A Century of Waiting
Tagged: [274/511] Chapter 38 - If Justice Requires Bearing Infamy
Tagged: [275/511] Chapter 39 - Abandoned Amusement Park
Tagged: [276/511] Chapter 40 - A Familiar Gaze
Tagged: [277/511] Chapter 41 - I Never Taught You This
Tagged: [278/511] Chapter 42 - Encounter
Tagged: [279/511] Chapter 43 - Enemy Reinforcements Have Arrived
Tagged: [280/511] Chapter 44 - Spectrum Ray!
Tagged: [281/511] Chapter 45 - True and False Memories
Tagged: [282/511] Chapter 46 - The Snipe and the Clam^[A Chinese idiom referring to a situation where two parties fight, allowing a third party to benefit from their exhaustion.]
Tagged: [283/511] Chapter 47 - The Heavenly Demon Descends
Tagged: [284/511] Chapter 282 - Final Chapter ~ The Last Sword
Tagged: [285/511] **Chapter 283 - Prologue: Old Memories**
Tagged: [286/511] Chapter 1 - Engagement
Tagged: [287/511] Chapter 2 - What Does It Have to Do With Me?
Tagged: [288/511] Chapter 3 - "The Eye"
Tagged: [289/511] Chapter 4 - Acquaintances
Tagged: [290/511] Chapter 5 - Can You Let Go?
Tagged: [291/511] Chapter 6 - The Replaced Person
Tagged: [292/511] Chapter 7 - Symbol
Tagged: [293/511] Chapter 8 - Familiarity
Tagged: [294/511] Chapter 9 - Crying Run ^[Internet slang for crying while running away]
Tagged: [295/511] Chapter 10 - Drunkenness
Tagged: [296/511] Chapter 11 - A Game That Cannot Be Refused
Tagged: [297/511] Chapter 12 - Charity White Give^[Gaming slang for giving something away freely without resistance.]
Tagged: [298/511] Chapter 13 - Adoptive Mother's Room
Tagged: [299/511] Chapter 14 - Old Building
Tagged: [300/511] Chapter 15 - Her Truth?
Tagged: [301/511] Chapter 16 - The Woman Who Went Mad
Tagged: [302/511] Chapter 17 - Mad Ramblings
Tagged: [303/511] Chapter 18 - Long Time No See
Tagged: [304/511] Chapter 19 - Dance Partner 5000 Words
Tagged: [305/511] Chapter 20 - So ~ Saucy
Tagged: [306/511] The elegant melody breathed life into every note, its pleasant resonance stirring the soul. On the dance floor, that spinning, leaping suit of armor was impossible to look away from.
Tagged: [307/511] Chapter 22 - The Code
Tagged: [308/511] Chapter 23 - Gulan Mausoleum
Tagged: [309/511] Chapter 24 - Graveyard Guards
Tagged: [310/511] The yellow disguise, like a water-soaked stain, was washed away. The shell of deliberate deception was torn off, and the haze that had tried to hide the truth was now fully exposed.
Tagged: [311/511] Chapter 26 - Open and Frank
Tagged: [312/511] Chapter 310 - Final Chapter: The Last Obsession (5,000 words)
Tagged: [313/511] Chapter 311 - Prologue
Tagged: [314/511] Chapter 1 - Game Start
Tagged: [315/511] Chapter 2 - The Heavy Bag
Tagged: [316/511] Chapter 3 - The Attacked Girl
Tagged: [317/511] Chapter 4 - Smiles Under the Setting Sun
Tagged: [318/511] ### Chapter 5 - Entering the City for a Temporary Stay
Tagged: [319/511] Chapter 6 - Sculpture
Tagged: [320/511] Chapter 7 - Add Me~^[internet slang for wanting to join a group activity]
Tagged: [321/511] Chapter 8 - Everyone in the City Knows
Tagged: [322/511] Chapter 10 - Do You Not Recognize Me Either?
Tagged: [323/511] Chapter 11 - Monarch and Minister
Tagged: [324/511] Chapter 13 - Stirring the Pot
Tagged: [325/511] Chapter 14 - Extortion
Tagged: [326/511] Chapter 15 - The Mad Yalorians
Tagged: [327/511] Chapter 16 - Myths and Fabrications
Tagged: [328/511] Chapter 17 - Death Countdown
Tagged: [329/511] Chapter 18 - Desperate Times Call for Desperate Measures
Tagged: [330/511] Chapter 19 - The Mad Doctor
Tagged: [331/511] Chapter 20 - Lost Desert
Tagged: [332/511] Chapter 21 - Same Place at Different Times
Tagged: [333/511] Chapter 22 - Leaf
Tagged: [334/511] Chapter 23 - Singularity Activation
Tagged: [335/511] Chapter 24 - The Person Standing on the Stool
Tagged: [336/511] Chapter 25 - The Approaching Black Castle
Tagged: [337/511] Chapter 26 - Terminal Illness
Tagged: [338/511] Chapter 27 - This Isn't the Exit?!
Tagged: [339/511] Chapter 28 - Memory Corridor
Tagged: [340/511] Chapter 29 - The Last Despair
Tagged: [341/511] Chapter 30 - The Uncrowned Dragon Emperor
Tagged: [342/511] Chapter 31 - The Last Duel
Tagged: [343/511] Chapter 341 - Final Chapter ~ Bloodline Echoes
Tagged: [344/511] Chapter 342 - Final Chapter: Echoes of Bloodline
Tagged: [345/511] Chapter 343 - Prologue
Tagged: [346/511] Chapter 1 - The Scum Loli Persecuting an Innocent Girl
Tagged: [347/511] Chapter 2 - Changes to the Self
Tagged: [348/511] Chapter 3 - Changes
Tagged: [349/511] Chapter 5 - The Delayed Manhunt
Tagged: [350/511] Chapter 6 - Misidentification
Tagged: [351/511] Chapter 7 - Not a Cat, But a Tiger
Tagged: [352/511] Chapter 9 - Powerless
Tagged: [353/511] Chapter 11 - Pushed Off the Cliff
Tagged: [354/511] The sound of spring water dripping against a boulder was clear and pleasant to the ear. A cold sensation trickled down his cheek, into his neck, and seeped into his heart.
Tagged: [355/511] Chapter 13 - Is This Repaying a Favor??
Tagged: [356/511] Chapter 14 - Unconventional Ideas
Tagged: [357/511] **Chapter 15 - I brought him here**
Tagged: [358/511] Chapter 16 - Digging Up the Past
Tagged: [359/511] Chapter 17 - Listen, Okay?
Tagged: [360/511] Chapter 18 - Bloodstain
Tagged: [361/511] Chapter 19 - Want to Admire This?
Tagged: [362/511] Chapter 20 - The Beginning of Seizing Power
Tagged: [363/511] Chapter 21 - Gathering of Troops
Tagged: [364/511] Chapter 22 - Taking Suoguan Pass
Tagged: [365/511] Chapter 23 - Intimidation
Tagged: [366/511] Chapter 24 - Counter-move
Tagged: [367/511] Chapter 25 - Reunion
Tagged: [368/511] Chapter 26 - Follow Me to Save the Throne!
Tagged: [369/511] Chapter 28 - Shi Chui Re
Tagged: [370/511] Chapter 29 - Whispers
Tagged: [371/511] Chapter 30 - Coup d'état
Tagged: [372/511] Chapter 31 - Prayer and Miracles
Tagged: [373/511] Chapter 35 - Ghost Shark
Tagged: [374/511] Chapter 36 - Return It To Her
Tagged: [375/511] Chapter 37 - The Indomitable
Tagged: [376/511] Chapter 38 - Omniscience and Omnipotence
Tagged: [377/511] Chapter 2 - Return to the Scarlet Blood Domain
Tagged: [378/511] Chapter 4 - The Cloaked Person
Tagged: [379/511] Chapter 6 - Gate Check
Tagged: [380/511] Chapter 7 - Parting Gift
Tagged: [381/511] Chapter 9 - Life's Warning
Tagged: [382/511] Chapter 10 - Frame-up
Tagged: [383/511] Chapter 11 - A Lesson
Tagged: [384/511] Chapter 12 - Test Subject
Tagged: [385/511] Chapter 13 - Reversal
Tagged: [386/511] Chapter 14 - Shaping Twisted Attributes
Tagged: [387/511] Chapter 16 - She Has Always Been There
Tagged: [388/511] Chapter 17 - Imperial Palace Incident
Tagged: [389/511] Chapter 18 - It's Not Like That
Tagged: [390/511] The play came to an end. The spectators, who had arrived in a hurry, departed just as quickly. In a world overflowing with material desires, human nature had grown cold and indifferent. People minded their own business, hanging high above the fray; unable to even satisfy their own basic needs, they remained mere bystanders to any situation, watching the spectacle without ever lifting a finger.
Tagged: [391/511] Chapter 20 - What Does It Have to Do With Me?
Tagged: [392/511] Chapter 22 - It's Him!
Tagged: [393/511] Chapter 23 - Take a Look
Tagged: [394/511] Chapter 24 - Long-Planned Conspiracy
Tagged: [395/511] Chapter 25 - Framing
Tagged: [396/511] Chapter 27 - Long Awaited
Tagged: [397/511] Chapter 29 - The Southern States
Tagged: [398/511] Chapter 30 - Sleeping Rough on the Streets
Tagged: [399/511] Chapter 31 - Relief as a Matter of Course?
Tagged: [400/511] Chapter 32 - Everyone is an Evil Person
Tagged: [401/511] Chapter 33 - Words Become Prophecy
Tagged: [402/511] Chapter 34 - Outside the Prison Cart
Tagged: [403/511] Chapter 35 - Yes...
Tagged: [404/511] Chapter 36 - Deterrence
Tagged: [405/511] Chapter 38 - Grand Banquet
Tagged: [406/511] Chapter 39 - Do Not Kill Me
Tagged: [407/511] Chapter 40 - A Small Problem
Tagged: [408/511] Chapter 42 - Ancient Elder Council
Tagged: [409/511] Chapter 44 - You Wait!
Tagged: [410/511] Chapter 45 - Acquaintances
Tagged: [411/511] Chapter 46 - Reunion
Tagged: [412/511] Chapter 47 - The Encounter of an Embarrassing Past [embarrassing past]
Tagged: [413/511] Chapter 48 - Past Black History
Tagged: [414/511] Chapter 49 - Encounter
Tagged: [415/511] Chapter 50 - Encounter II
Tagged: [416/511] Chapter 51 - Bai Ji’s Ultimate Move
Tagged: [417/511] Chapter 52 - Defending Her Own
Tagged: [418/511] Chapter 53 - Half a Sentence More
Tagged: [419/511] The rapid clip-clop of hooves gradually steadied, and the slight jolting of the carriage ceased, signaling that this brief journey was coming to an end.
Tagged: [420/511] Chapter 55 - A Scene That Seems Familiar
Tagged: [421/511] Chapter 56 - Fishing
Tagged: [422/511] Chapter 59 - Temporary Teleportation Magic Node
Tagged: [423/511] Chapter 60 - Devastating Advance
Tagged: [424/511] Chapter 61 - Sudden Onslaught
Tagged: [425/511] Chapter 62 - Blood Battle
Tagged: [426/511] Chapter 63 - Mid-Winter Encounter
Tagged: [427/511] Chapter 65 - Turning Point
Tagged: [428/511] Chapter 66 - Extreme Ice Calamity
Tagged: [429/511] Chapter 67 - Song of Desperation (5000 words)
Tagged: [430/511] Chapter 68 - Dim Light
Tagged: [431/511] Chapter 69 - Captured
Tagged: [432/511] Chapter 70 - New Emperor
Tagged: [433/511] Chapter 71 - Internal Consumption
Tagged: [434/511] Chapter 72 - No Matter What, She's Your Mom
Tagged: [435/511] Chapter 73 - The Result of Trying Too Hard
Tagged: [436/511] Chapter 74 - Critical Moment
Tagged: [437/511] Chapter 75 - Besieged on All Sides
Tagged: [438/511] Chapter 76 - This is...!?
Tagged: [439/511] Chapter 77 - The Arrival
Tagged: [440/511] Chapter 78 - Handover and Abdication
Tagged: [441/511] Chapter 79 - The Twenty-Seventh Red Empress
Tagged: [442/511] Chapter 80 - The Twenty-Seventh Scarlet Empress
Tagged: [443/511] Chapter 81 - Second Seventy-Seven Red Empress
Tagged: [444/511] Chapter 442 - Prologue
Tagged: [445/511] Chapter 1 - Soul Awakening and Soul Resurrection
Tagged: [446/511] Chapter 2 - The Sinister Gold Sword
Tagged: [447/511] Chapter 3 - Offering the Sword
Tagged: [448/511] Chapter 4 - Return
Tagged: [449/511] Chapter 5 - Companions
Tagged: [450/511] Chapter 6 - Friends?
Tagged: [451/511] Chapter 7 - From Start to Finish
Tagged: [452/511] Chapter 8 - Charcoal Roast
Tagged: [453/511] Chapter 9 - Can We Change the Observer?
Tagged: [454/511] Chapter 10 - Sword Saint Knight
Tagged: [455/511] Chapter 11 - Begging Plan
Tagged: [456/511] Chapter 12 - Blood Sacrifice
Tagged: [457/511] Chapter 13 - Reunion
Tagged: [458/511] Chapter 14 - Descendants?
Tagged: [459/511] Chapter 15 - Pleasing
Tagged: [460/511] Chapter 16 - The Midway Strike
Tagged: [461/511] Chapter 17 - Get Lost!
Tagged: [462/511] Chapter 18 - Sudden Transformations
Tagged: [463/511] Chapter 19 - An Awkward Situation
Tagged: [464/511] Chapter 20 - Meddling
Tagged: [465/511] Chapter 21 - Take it off and let me see?
Tagged: [466/511] Chapter 22 - Unexpected Incident and Unforeseen Circumstances
Tagged: [467/511] Chapter 23 - Major Reversal
Tagged: [468/511] Chapter 24 - Come Home With Me
Tagged: [469/511] Chapter 25 - Keeping Her
Tagged: [470/511] Chapter 26 - Exposure
Tagged: [471/511] Chapter 27 - Bottom Line
Tagged: [472/511] Chapter 28 - The Scene Unfolds
Tagged: [473/511] Chapter 29 - The Truth of the Human Federation
Tagged: [474/511] Chapter 30 - Eating for Free?
Tagged: [475/511] Chapter 31 - A Transaction
Tagged: [476/511] Chapter 32 - Stop It!
Tagged: [477/511] Chapter 33 - Instinct
Tagged: [478/511] Chapter 34 - Caught
Tagged: [479/511] Chapter 35 - Counter-Hostage
Tagged: [480/511] Chapter 36 - Black Base
Tagged: [481/511] Chapter 37 - Assault
Tagged: [482/511] Chapter 38 - Cable Car
Tagged: [483/511] Chapter 39 - Call
Tagged: [484/511] Chapter 40 - Purple Halo
Tagged: [485/511] Chapter 41 - Moon Halo
Tagged: [486/511] Chapter 42 - Blood Extraction
Tagged: [487/511] Chapter 43 - Outsmarted
Tagged: [488/511] Chapter 44 - Radiant Might
Tagged: [489/511] Chapter 45 - Escape
Tagged: [490/511] Chapter 46 - Meeting
Tagged: [491/511] Chapter 47 - Cooperation
Tagged: [492/511] Chapter 48 - Lin Tuo Treats
Tagged: [493/511] Chapter 49 - Gulan Invasion
Tagged: [494/511] Chapter 50 - Defection^[Internet slang for defecting or rebelling]
Tagged: [495/511] Chapter 51 - Throw Her Down
Tagged: [496/511] Chapter 52 - Virtual World Line
Tagged: [497/511] Chapter 53 - Partings and Reunions
Tagged: [498/511] Chapter 54 - Night
Tagged: [499/511] Chapter 55 - Controversial?
Tagged: [500/511] Chapter 56 - Will You?
Tagged: [501/511] Chapter 57 - The Plan
Tagged: [502/511] Chapter 58 - Bait
Tagged: [503/511] Chapter 59 - A Flimsy Wall
Tagged: [504/511] Chapter 60 - Wildfire
Tagged: [505/511] Chapter 61 - The Legendary Knight
Tagged: [506/511] Chapter 62 - Regardless
Tagged: [507/511] Chapter 63 - Tile
Tagged: [508/511] Chapter 64 - Breaking the City
Tagged: [509/511] Chapter 65 - Plan
Tagged: [510/511] Chapter 66 - Confusion
Tagged: [511/511] Chapter 67 - A Bit Green

Done. Successfully tagged 511 files.
=== COMPLETED ===
